      -----------------------------------------------------------      
     |                   =====================                   |     
     |                           x T B                           |     
     |                   =====================                   |     
     |                         S. Grimme                         |     
     |          Mulliken Center for Theoretical Chemistry        |     
     |                    University of Bonn                     |     
      -----------------------------------------------------------      

   * xtb version 6.7.1 (edcfbbe) compiled by 'runner@Mac-1732539442253.local' on 2024-11-25

   xtb is free software: you can redistribute it and/or modify it under
   the terms of the GNU Lesser General Public License as published by
   the Free Software Foundation, either version 3 of the License, or
   (at your option) any later version.
   
   xtb is distributed in the hope that it will be useful,
   but WITHOUT ANY WARRANTY; without even the implied warranty of
   MERCHANTABILITY or FITNESS FOR A PARTICULAR PURPOSE.  See the
   GNU Lesser General Public License for more details.
   
   Cite this work as:
   * C. Bannwarth, E. Caldeweyher, S. Ehlert, A. Hansen, P. Pracht,
     J. Seibert, S. Spicher, S. Grimme, WIREs Comput. Mol. Sci., 2020, 11,
     e01493. DOI: 10.1002/wcms.1493
   
   for GFN2-xTB:
   * C. Bannwarth, S. Ehlert and S. Grimme., J. Chem. Theory Comput., 2019,
     15, 1652-1671. DOI: 10.1021/acs.jctc.8b01176
   for GFN1-xTB:
   * S. Grimme, C. Bannwarth, P. Shushkov, J. Chem. Theory Comput., 2017,
     13, 1989-2009. DOI: 10.1021/acs.jctc.7b00118
   for GFN0-xTB:
   * P. Pracht, E. Caldeweyher, S. Ehlert, S. Grimme, ChemRxiv, 2019, preprint.
     DOI: 10.26434/chemrxiv.8326202.v1
   for GFN-FF:
   * S. Spicher and S. Grimme, Angew. Chem. Int. Ed., 2020, 59, 15665-15673.
     DOI: 10.1002/anie.202004239
   
   for ALPB and GBSA implicit solvation:
   * S. Ehlert, M. Stahn, S. Spicher, S. Grimme, J. Chem. Theory Comput.,
     2021, 17, 4250-4261. DOI: 10.1021/acs.jctc.1c00471
   
   for ddCOSMO and CPCM-X implicit solvation:
   * M. Stahn, S. Ehlert, S. Grimme, J. Phys. Chem. A,
     2023, XX, XXXX-XXXX. DOI: 10.1021/acs.jpca.3c04382
   
   for DFT-D4:
   * E. Caldeweyher, C. Bannwarth and S. Grimme, J. Chem. Phys., 2017,
     147, 034112. DOI: 10.1063/1.4993215
   * E. Caldeweyher, S. Ehlert, A. Hansen, H. Neugebauer, S. Spicher,
     C. Bannwarth and S. Grimme, J. Chem. Phys., 2019, 150, 154122.
     DOI: 10.1063/1.5090222
   * E. Caldeweyher, J.-M. Mewes, S. Ehlert and S. Grimme, Phys. Chem. Chem. Phys.
     2020, 22, 8499-8512. DOI: 10.1039/D0CP00502A
   
   for sTDA-xTB:
   * S. Grimme and C. Bannwarth, J. Chem. Phys., 2016, 145, 054103.
     DOI: 10.1063/1.4959605
   
   in the mass-spec context:
   * V. Asgeirsson, C. Bauer and S. Grimme, Chem. Sci., 2017, 8, 4879.
     DOI: 10.1039/c7sc00601b
   * J. Koopman and S. Grimme, ACS Omega 2019, 4, 12, 15120-15133.
     DOI: 10.1021/acsomega.9b02011
   
   for metadynamics refer to:
   * S. Grimme, J. Chem. Theory Comput., 2019, 155, 2847-2862
     DOI: 10.1021/acs.jctc.9b00143
   
   for SPH calculations refer to:
   * S. Spicher and S. Grimme, J. Chem. Theory Comput., 2021, 17, 1701-1714
     DOI: 10.1021/acs.jctc.0c01306
   
   for ONIOM refer to:
   * C. Plett, A. Katbashev, S. Ehlert, S. Grimme, M. Bursch,
     Phys. Chem. Chem. Phys., 2023, 25, 17860-17868. DOI: 10.1039/D3CP02178E
   
   for DIPRO refer to:
   * J. Kohn, N. Gildemeister, S. Grimme, D. Fazzi, A. Hansen,
     J. Chem. Phys., 2023, just accepted.
   
   for PTB refer to:
   * S. Grimme, M. Mueller, A. Hansen, J. Chem. Phys., 2023, 158, 124111.
     DOI: 10.1063/5.0137838
   
   with help from (in alphabetical order)
   P. Atkinson, C. Bannwarth, F. Bohle, G. Brandenburg, E. Caldeweyher
   M. Checinski, S. Dohm, S. Ehlert, S. Ehrlich, I. Gerasimov, C. Hölzer
   A. Katbashev, J. Kohn, J. Koopman, C. Lavigne, S. Lehtola, F. März, M. Müller,
   F. Musil, H. Neugebauer, J. Pisarek, C. Plett, P. Pracht, F. Pultar,
   J. Seibert, P. Shushkov, S. Spicher, M. Stahn, M. Steiner, T. Strunk,
   J. Stückrath, T. Rose, and J. Unsleber
   
 * started run on 2025/02/12 at 01:13:36.297     
   ID    Z sym.   atoms
    1    8 o      1
    2    1 h      2, 3

           -------------------------------------------------
          |                Calculation Setup                |
           -------------------------------------------------

          program call               : xtb coord --opt
          coordinate file            : coord
          omp threads                :                     8


           -------------------------------------------------
          |                 G F N 2 - x T B                 |
           -------------------------------------------------

        Reference                      10.1021/acs.jctc.8b01176
      * Hamiltonian:
        H0-scaling (s, p, d)           1.850000    2.230000    2.230000
        zeta-weighting                 0.500000
      * Dispersion:
        s8                             2.700000
        a1                             0.520000
        a2                             5.000000
        s9                             5.000000
      * Repulsion:
        kExp                           1.500000    1.000000
        rExp                           1.000000
      * Coulomb:
        alpha                          2.000000
        third order                    shell-resolved
        anisotropic                    true
        a3                             3.000000
        a5                             4.000000
        cn-shift                       1.200000
        cn-exp                         4.000000
        max-rad                        5.000000


          ...................................................
          :                      SETUP                      :
          :.................................................:
          :  # basis functions                   6          :
          :  # atomic orbitals                   6          :
          :  # shells                            4          :
          :  # electrons                         8          :
          :  max. iterations                   250          :
          :  Hamiltonian                  GFN2-xTB          :
          :  restarted?                      false          :
          :  GBSA solvation                  false          :
          :  PC potential                    false          :
          :  electronic temp.          300.0000000     K    :
          :  accuracy                    1.0000000          :
          :  -> integral cutoff          0.2500000E+02      :
          :  -> integral neglect         0.1000000E-07      :
          :  -> SCF convergence          0.1000000E-05 Eh   :
          :  -> wf. convergence          0.1000000E-03 e    :
          :  Broyden damping             0.4000000          :
          :  net charge                          0          :
          :  unpaired electrons                  0          :
          ...................................................

 iter      E             dE          RMSdq      gap      omega  full diag
   1     -5.1027888 -0.510279E+01  0.421E+00   14.83       0.0  T
   2     -5.1040645 -0.127572E-02  0.242E+00   14.55       1.0  T
   3     -5.1042978 -0.233350E-03  0.381E-01   14.33       1.0  T
   4     -5.1043581 -0.602769E-04  0.885E-02   14.48       1.0  T
   5     -5.1043609 -0.280751E-05  0.566E-02   14.43       1.0  T
   6     -5.1043628 -0.188160E-05  0.131E-03   14.45      44.1  T
   7     -5.1043628 -0.455325E-09  0.978E-04   14.45      59.1  T
   8     -5.1043628 -0.572170E-09  0.192E-05   14.45    3009.1  T

   *** convergence criteria satisfied after 8 iterations ***

         #    Occupation            Energy/Eh            Energy/eV
      -------------------------------------------------------------
         1        2.0000           -0.6808797             -18.5277
         2        2.0000           -0.5666769             -15.4201
         3        2.0000           -0.5137308             -13.9793
         4        2.0000           -0.4471010             -12.1662 (HOMO)
         5                          0.0839402               2.2841 (LUMO)
         6                          0.2414240               6.5695
      -------------------------------------------------------------
                  HL-Gap            0.5310412 Eh           14.4504 eV
             Fermi-level           -0.1815804 Eh           -4.9411 eV

 SCC (total)                   0 d,  0 h,  0 min,  0.011 sec
 SCC setup                      ...        0 min,  0.002 sec ( 17.303%)
 Dispersion                     ...        0 min,  0.000 sec (  1.801%)
 classical contributions        ...        0 min,  0.000 sec (  1.771%)
 integral evaluation            ...        0 min,  0.001 sec ( 10.379%)
 iterations                     ...        0 min,  0.006 sec ( 53.606%)
 molecular gradient             ...        0 min,  0.001 sec ( 11.411%)
 printout                       ...        0 min,  0.000 sec (  3.657%)

         :::::::::::::::::::::::::::::::::::::::::::::::::::::
         ::                     SUMMARY                     ::
         :::::::::::::::::::::::::::::::::::::::::::::::::::::
         :: total energy              -5.070451354837 Eh    ::
         :: gradient norm              0.006457413619 Eh/a0 ::
         :: HOMO-LUMO gap             14.450365663200 eV    ::
         ::.................................................::
         :: SCC energy                -5.104362813360 Eh    ::
         :: -> isotropic ES            0.031407939394 Eh    ::
         :: -> anisotropic ES          0.000563292163 Eh    ::
         :: -> anisotropic XC         -0.000813614330 Eh    ::
         :: -> dispersion             -0.000141250561 Eh    ::
         :: repulsion energy           0.033911458523 Eh    ::
         :: add. restraining           0.000000000000 Eh    ::
         :: total charge               0.000000000000 e     ::
         :::::::::::::::::::::::::::::::::::::::::::::::::::::

      ----------------------------------------------------------- 
     |                   =====================                   |
     |                        A N C O P T                        |
     |                   =====================                   |
     |               Approximate Normal Coordinate               |
     |                Rational Function Optimizer                |
      ----------------------------------------------------------- 
      ----------------------------------------------------------- 
     |                   =====================                   |
     |                        A N C O P T                        |
     |                   =====================                   |
     |               Approximate Normal Coordinate               |
     |                Rational Function Optimizer                |
      ----------------------------------------------------------- 

          ...................................................
          :                      SETUP                      :
          :.................................................:
          :   optimization level            normal          :
          :   max. optcycles                   200          :
          :   ANC micro-cycles                  20          :
          :   degrees of freedom                 3          :
          :.................................................:
          :   RF solver                   davidson          :
          :   write xtbopt.log                true          :
          :   linear?                        false          :
          :   energy convergence         0.5000000E-05 Eh   :
          :   grad. convergence          0.1000000E-02 Eh/α :
          :   maxmium RF displ.          1.0000000          :
          :   Hlow (freq-cutoff)         0.1000000E-01      :
          :   Hmax (freq-cutoff)         5.0000000          :
          :   S6 in model hess.         20.0000000          :
          ...................................................

generating ANC from exact Hessian ...
Using Lindh-Hessian (1995)
 Shifting diagonal of input Hessian by    0.0000000000000000     
 Lowest  eigenvalues of input Hessian
    0.000000    0.000000    0.000000    0.000000    0.000000    0.000000
    0.294939    1.219877    1.403885
 Highest eigenvalues
    0.000000    0.000000    0.000000    0.294939    1.219877    1.403885


........................................................................
.............................. CYCLE    1 ..............................
........................................................................

 iter      E             dE          RMSdq      gap      omega  full diag
   1     -5.1043628 -0.510436E+01  0.898E-08   14.45       0.0  T
   2     -5.1043628  0.355271E-14  0.436E-08   14.45  100000.0  T
   3     -5.1043628 -0.177636E-14  0.137E-08   14.45  100000.0  T
     SCC iter.                  ...        0 min,  0.001 sec
     gradient                   ...        0 min,  0.000 sec
 * total energy  :    -5.0704514 Eh     change       -0.2122746E-12 Eh
   gradient norm :     0.0064575 Eh/α   predicted     0.0000000E+00 (-100.00%)
   displ. norm   :     0.0150191 α      lambda       -0.8111195E-04
   maximum displ.:     0.0144853 α      in ANC's #1, #2, #1, ...

........................................................................
.............................. CYCLE    2 ..............................
........................................................................

 iter      E             dE          RMSdq      gap      omega  full diag
   1     -5.1045437 -0.510454E+01  0.344E-02   14.42       0.0  T
   2     -5.1045439 -0.241099E-06  0.188E-02   14.42       3.1  T
   3     -5.1045440 -0.352215E-07  0.460E-03   14.41      12.5  T
   4     -5.1045440 -0.423343E-08  0.647E-04   14.41      89.3  T
   5     -5.1045440 -0.146585E-10  0.222E-05   14.41    2595.1  T
     SCC iter.                  ...        0 min,  0.001 sec
     gradient                   ...        0 min,  0.000 sec
 * total energy  :    -5.0705146 Eh     change       -0.6321660E-04 Eh
   gradient norm :     0.0038746 Eh/α   predicted    -0.4056618E-04 ( -35.83%)
   displ. norm   :     0.0186255 α      lambda       -0.5864767E-04
   maximum displ.:     0.0176707 α      in ANC's #1, #2, #3, ...

........................................................................
.............................. CYCLE    3 ..............................
........................................................................

 iter      E             dE          RMSdq      gap      omega  full diag
   1     -5.1048521 -0.510485E+01  0.455E-02   14.39       0.0  T
   2     -5.1048526 -0.473221E-06  0.245E-02   14.38       2.4  T
   3     -5.1048527 -0.694756E-07  0.638E-03   14.38       9.1  T
   4     -5.1048527 -0.752180E-08  0.859E-04   14.38      67.2  T
   5     -5.1048527 -0.213589E-10  0.304E-05   14.38    1896.5  T
     SCC iter.                  ...        0 min,  0.001 sec
     gradient                   ...        0 min,  0.000 sec
 * total energy  :    -5.0705444 Eh     change       -0.2981289E-04 Eh
   gradient norm :     0.0003215 Eh/α   predicted    -0.2933315E-04 (  -1.61%)
   displ. norm   :     0.0005247 α      lambda       -0.1053507E-06
   maximum displ.:     0.0005088 α      in ANC's #2, #1, #3, ...

........................................................................
.............................. CYCLE    4 ..............................
........................................................................

 iter      E             dE          RMSdq      gap      omega  full diag
   1     -5.1049255 -0.510493E+01  0.251E-03   14.39       0.0  T
   2     -5.1049255 -0.156724E-08  0.133E-03   14.39      43.5  T
   3     -5.1049255 -0.253044E-09  0.357E-04   14.39     161.6  T
   4     -5.1049255 -0.260076E-10  0.653E-05   14.39     884.1  T
     SCC iter.                  ...        0 min,  0.000 sec
     gradient                   ...        0 min,  0.000 sec
 * total energy  :    -5.0705444 Eh     change       -0.5913888E-07 Eh
   gradient norm :     0.0000756 Eh/α   predicted    -0.5232511E-07 ( -11.52%)
   displ. norm   :     0.0001789 α      lambda       -0.7415840E-08
   maximum displ.:     0.0001398 α      in ANC's #1, #2, #3, ...

   *** GEOMETRY OPTIMIZATION CONVERGED AFTER 4 ITERATIONS ***

------------------------------------------------------------------------
 total energy gain   :        -0.0000931 Eh       -0.0584 kcal/mol
 total RMSD          :         0.0195763 a0        0.0104 Å
 total power (kW/mol):        -0.0611010 (step)  -32.4842 (real)
------------------------------------------------------------------------

 ANCopt (total)                0 d,  0 h,  0 min,  0.008 sec
 optimizer setup                ...        0 min,  0.001 sec ( 10.434%)
 model hessian                  ...        0 min,  0.000 sec (  3.744%)
 ANC generation                 ...        0 min,  0.000 sec (  1.435%)
 coordinate transformation      ...        0 min,  0.000 sec (  1.904%)
 single point calculation       ...        0 min,  0.003 sec ( 45.958%)
 optimization log               ...        0 min,  0.000 sec (  1.296%)
 hessian update                 ...        0 min,  0.000 sec (  0.678%)
 rational function              ...        0 min,  0.003 sec ( 33.415%)

================
 final structure:
================
$coord
        0.00000000011942       -0.00000000000000       -0.71677520925432      o
        1.45926122846511       -0.00000000000000        0.35838760458144      h
       -1.45926122858453        0.00000000000000        0.35838760467288      h
$end

 Bond Distances (Angstroems)
 ---------------------------
O1-H2=0.9592         O1-H3=0.9592         H2-O1=0.9592         H3-O1=0.9592         
 O  H  Rav=0.9592 sigma=0.0000  Rmin=0.9592  Rmax=0.9592     2

 selected bond angles (degree)
 --------------------
H3-O1-H2=107.24                

 selected dihedral angles (degree)
 ---------------------------------

           -------------------------------------------------
          |                Final Singlepoint                |
           -------------------------------------------------

          ...................................................
          :                      SETUP                      :
          :.................................................:
          :  # basis functions                   6          :
          :  # atomic orbitals                   6          :
          :  # shells                            4          :
          :  # electrons                         8          :
          :  max. iterations                   250          :
          :  Hamiltonian                  GFN2-xTB          :
          :  restarted?                      false          :
          :  GBSA solvation                  false          :
          :  PC potential                    false          :
          :  electronic temp.          300.0000000     K    :
          :  accuracy                    1.0000000          :
          :  -> integral cutoff          0.2500000E+02      :
          :  -> integral neglect         0.1000000E-07      :
          :  -> SCF convergence          0.1000000E-05 Eh   :
          :  -> wf. convergence          0.1000000E-03 e    :
          :  Broyden damping             0.4000000          :
          :  net charge                          0          :
          :  unpaired electrons                  0          :
          ...................................................

 iter      E             dE          RMSdq      gap      omega  full diag
   1     -5.1049255 -0.510493E+01  0.438E-07   14.39       0.0  T
   2     -5.1049255 -0.266454E-14  0.262E-07   14.39  100000.0  T
   3     -5.1049255  0.266454E-14  0.760E-09   14.39  100000.0  T

   *** convergence criteria satisfied after 3 iterations ***

         #    Occupation            Energy/Eh            Energy/eV
      -------------------------------------------------------------
         1        2.0000           -0.6800842             -18.5060
         2        2.0000           -0.5683168             -15.4647
         3        2.0000           -0.5108568             -13.9011
         4        2.0000           -0.4463839             -12.1467 (HOMO)
         5                          0.0824719               2.2442 (LUMO)
         6                          0.2516070               6.8466
      -------------------------------------------------------------
                  HL-Gap            0.5288558 Eh           14.3909 eV
             Fermi-level           -0.1819560 Eh           -4.9513 eV

 SCC (total)                   0 d,  0 h,  0 min,  0.001 sec
 SCC setup                      ...        0 min,  0.000 sec (  4.948%)
 Dispersion                     ...        0 min,  0.000 sec (  4.016%)
 classical contributions        ...        0 min,  0.000 sec (  1.936%)
 integral evaluation            ...        0 min,  0.000 sec (  6.777%)
 iterations                     ...        0 min,  0.000 sec ( 58.767%)
 molecular gradient             ...        0 min,  0.000 sec ( 20.151%)
 printout                       ...        0 min,  0.000 sec (  2.546%)

         :::::::::::::::::::::::::::::::::::::::::::::::::::::
         ::                     SUMMARY                     ::
         :::::::::::::::::::::::::::::::::::::::::::::::::::::
         :: total energy              -5.070544443465 Eh    ::
         :: gradient norm              0.000074994303 Eh/a0 ::
         :: HOMO-LUMO gap             14.390898452735 eV    ::
         ::.................................................::
         :: SCC energy                -5.104925504312 Eh    ::
         :: -> isotropic ES            0.031459483028 Eh    ::
         :: -> anisotropic ES          0.000394681734 Eh    ::
         :: -> anisotropic XC         -0.000882253262 Eh    ::
         :: -> dispersion             -0.000141082856 Eh    ::
         :: repulsion energy           0.034381060848 Eh    ::
         :: add. restraining           0.000000000000 Eh    ::
         :: total charge               0.000000000000 e     ::
         :::::::::::::::::::::::::::::::::::::::::::::::::::::

           -------------------------------------------------
          |                Property Printout                |
           -------------------------------------------------

    * Orbital Energies and Occupations

         #    Occupation            Energy/Eh            Energy/eV
      -------------------------------------------------------------
         1        2.0000           -0.6800842             -18.5060
         2        2.0000           -0.5683168             -15.4647
         3        2.0000           -0.5108568             -13.9011
         4        2.0000           -0.4463839             -12.1467 (HOMO)
         5                          0.0824719               2.2442 (LUMO)
         6                          0.2516070               6.8466
      -------------------------------------------------------------
                  HL-Gap            0.5288558 Eh           14.3909 eV
             Fermi-level           -0.1819560 Eh           -4.9513 eV

     #   Z          covCN         q      C6AA      α(0)
     1   8 o        1.611    -0.565    24.358     6.661
     2   1 h        0.805     0.282     0.776     1.384
     3   1 h        0.805     0.282     0.776     1.384

 Mol. C6AA /au·bohr⁶  :         44.535326
 Mol. C8AA /au·bohr⁸  :        795.739566
 Mol. α(0) /au        :          9.429122


Wiberg/Mayer (AO) data.
largest (>0.10) Wiberg bond orders for each atom

 ---------------------------------------------------------------------------
     #   Z sym  total        # sym  WBO       # sym  WBO       # sym  WBO
 ---------------------------------------------------------------------------
     1   8 o    1.840 --     3 h    0.920     2 h    0.920
     2   1 h    0.920 --     1 o    0.920
     3   1 h    0.920 --     1 o    0.920
 ---------------------------------------------------------------------------

Topologies differ in total number of bonds
Writing topology from bond orders to xtbtopo.mol

molecular dipole:
                 x           y           z       tot (Debye)
 q only:       -0.000       0.000       0.607
   full:       -0.000       0.000       0.872       2.217
molecular quadrupole (traceless):
                xx          xy          yy          xz          yz          zz
 q only:        1.311      -0.000      -0.492       0.000       0.000      -0.819
  q+dip:        1.747      -0.000      -0.572      -0.000      -0.000      -1.176
   full:        1.951      -0.000      -0.831      -0.000      -0.000      -1.121

           -------------------------------------------------
          |                Geometry Summary                 |
           -------------------------------------------------

      molecular mass/u    :       18.0152864
   center of mass at/Å    :        0.0000000       0.0000000      -0.3156364
  moments of inertia/u·Å² :        0.5795334E+00   0.1202080E+01   0.1781614E+01
rotational constants/cm⁻¹ :        0.2908828E+02   0.1402372E+02   0.9462003E+01

 * 2 selected distances

     #   Z          #   Z                                           value/Å
     1   8 o        2   1 h                                       0.9591721 (min)
     1   8 o        3   1 h                                       0.9591721 (max)

 * 1 distinct bonds (by element types)

   Z      Z             #   av. dist./Å        max./Å        min./Å
   1 H    8 O           2     0.9591721     0.9591721     0.9591721


optimized geometry written to: xtbopt.coord


           -------------------------------------------------
          | TOTAL ENERGY               -5.070544443465 Eh   |
          | GRADIENT NORM               0.000074994303 Eh/α |
          | HOMO-LUMO GAP              14.390898452735 eV   |
           -------------------------------------------------

------------------------------------------------------------------------
 * finished run on 2025/02/12 at 01:13:36.336     
------------------------------------------------------------------------
 total:
 * wall-time:     0 d,  0 h,  0 min,  0.039 sec
 *  cpu-time:     0 d,  0 h,  0 min,  0.022 sec
 * ratio c/w:     0.579 speedup
 SCF:
 * wall-time:     0 d,  0 h,  0 min,  0.012 sec
 *  cpu-time:     0 d,  0 h,  0 min,  0.006 sec
 * ratio c/w:     0.483 speedup
 ANC optimizer:
 * wall-time:     0 d,  0 h,  0 min,  0.009 sec
 *  cpu-time:     0 d,  0 h,  0 min,  0.010 sec
 * ratio c/w:     1.155 speedup

