      -----------------------------------------------------------      
     |                   =====================                   |     
     |                           x T B                           |     
     |                   =====================                   |     
     |                         S. Grimme                         |     
     |          Mulliken Center for Theoretical Chemistry        |     
     |                    University of Bonn                     |     
      -----------------------------------------------------------      

   * xtb version 6.7.1 (edcfbbe) compiled by 'runner@Mac-1732539442253.local' on 2024-11-25

   xtb is free software: you can redistribute it and/or modify it under
   the terms of the GNU Lesser General Public License as published by
   the Free Software Foundation, either version 3 of the License, or
   (at your option) any later version.
   
   xtb is distributed in the hope that it will be useful,
   but WITHOUT ANY WARRANTY; without even the implied warranty of
   MERCHANTABILITY or FITNESS FOR A PARTICULAR PURPOSE.  See the
   GNU Lesser General Public License for more details.
   
   Cite this work as:
   * C. Bannwarth, E. Caldeweyher, S. Ehlert, A. Hansen, P. Pracht,
     J. Seibert, S. Spicher, S. Grimme, WIREs Comput. Mol. Sci., 2020, 11,
     e01493. DOI: 10.1002/wcms.1493
   
   for GFN2-xTB:
   * C. Bannwarth, S. Ehlert and S. Grimme., J. Chem. Theory Comput., 2019,
     15, 1652-1671. DOI: 10.1021/acs.jctc.8b01176
   for GFN1-xTB:
   * S. Grimme, C. Bannwarth, P. Shushkov, J. Chem. Theory Comput., 2017,
     13, 1989-2009. DOI: 10.1021/acs.jctc.7b00118
   for GFN0-xTB:
   * P. Pracht, E. Caldeweyher, S. Ehlert, S. Grimme, ChemRxiv, 2019, preprint.
     DOI: 10.26434/chemrxiv.8326202.v1
   for GFN-FF:
   * S. Spicher and S. Grimme, Angew. Chem. Int. Ed., 2020, 59, 15665-15673.
     DOI: 10.1002/anie.202004239
   
   for ALPB and GBSA implicit solvation:
   * S. Ehlert, M. Stahn, S. Spicher, S. Grimme, J. Chem. Theory Comput.,
     2021, 17, 4250-4261. DOI: 10.1021/acs.jctc.1c00471
   
   for ddCOSMO and CPCM-X implicit solvation:
   * M. Stahn, S. Ehlert, S. Grimme, J. Phys. Chem. A,
     2023, XX, XXXX-XXXX. DOI: 10.1021/acs.jpca.3c04382
   
   for DFT-D4:
   * E. Caldeweyher, C. Bannwarth and S. Grimme, J. Chem. Phys., 2017,
     147, 034112. DOI: 10.1063/1.4993215
   * E. Caldeweyher, S. Ehlert, A. Hansen, H. Neugebauer, S. Spicher,
     C. Bannwarth and S. Grimme, J. Chem. Phys., 2019, 150, 154122.
     DOI: 10.1063/1.5090222
   * E. Caldeweyher, J.-M. Mewes, S. Ehlert and S. Grimme, Phys. Chem. Chem. Phys.
     2020, 22, 8499-8512. DOI: 10.1039/D0CP00502A
   
   for sTDA-xTB:
   * S. Grimme and C. Bannwarth, J. Chem. Phys., 2016, 145, 054103.
     DOI: 10.1063/1.4959605
   
   in the mass-spec context:
   * V. Asgeirsson, C. Bauer and S. Grimme, Chem. Sci., 2017, 8, 4879.
     DOI: 10.1039/c7sc00601b
   * J. Koopman and S. Grimme, ACS Omega 2019, 4, 12, 15120-15133.
     DOI: 10.1021/acsomega.9b02011
   
   for metadynamics refer to:
   * S. Grimme, J. Chem. Theory Comput., 2019, 155, 2847-2862
     DOI: 10.1021/acs.jctc.9b00143
   
   for SPH calculations refer to:
   * S. Spicher and S. Grimme, J. Chem. Theory Comput., 2021, 17, 1701-1714
     DOI: 10.1021/acs.jctc.0c01306
   
   for ONIOM refer to:
   * C. Plett, A. Katbashev, S. Ehlert, S. Grimme, M. Bursch,
     Phys. Chem. Chem. Phys., 2023, 25, 17860-17868. DOI: 10.1039/D3CP02178E
   
   for DIPRO refer to:
   * J. Kohn, N. Gildemeister, S. Grimme, D. Fazzi, A. Hansen,
     J. Chem. Phys., 2023, just accepted.
   
   for PTB refer to:
   * S. Grimme, M. Mueller, A. Hansen, J. Chem. Phys., 2023, 158, 124111.
     DOI: 10.1063/5.0137838
   
   with help from (in alphabetical order)
   P. Atkinson, C. Bannwarth, F. Bohle, G. Brandenburg, E. Caldeweyher
   M. Checinski, S. Dohm, S. Ehlert, S. Ehrlich, I. Gerasimov, C. Hölzer
   A. Katbashev, J. Kohn, J. Koopman, C. Lavigne, S. Lehtola, F. März, M. Müller,
   F. Musil, H. Neugebauer, J. Pisarek, C. Plett, P. Pracht, F. Pultar,
   J. Seibert, P. Shushkov, S. Spicher, M. Stahn, M. Steiner, T. Strunk,
   J. Stückrath, T. Rose, and J. Unsleber
   
 * started run on 2025/02/12 at 01:52:10.093     
   ID    Z sym.   atoms
    1    8 o      1
    2    1 h      2, 3

           -------------------------------------------------
          |                Calculation Setup                |
           -------------------------------------------------

          program call               : xtb xtbopt.coord
          coordinate file            : xtbopt.coord
          omp threads                :                     8


           -------------------------------------------------
          |                 G F N 2 - x T B                 |
           -------------------------------------------------

        Reference                      10.1021/acs.jctc.8b01176
      * Hamiltonian:
        H0-scaling (s, p, d)           1.850000    2.230000    2.230000
        zeta-weighting                 0.500000
      * Dispersion:
        s8                             2.700000
        a1                             0.520000
        a2                             5.000000
        s9                             5.000000
      * Repulsion:
        kExp                           1.500000    1.000000
        rExp                           1.000000
      * Coulomb:
        alpha                          2.000000
        third order                    shell-resolved
        anisotropic                    true
        a3                             3.000000
        a5                             4.000000
        cn-shift                       1.200000
        cn-exp                         4.000000
        max-rad                        5.000000


          ...................................................
          :                      SETUP                      :
          :.................................................:
          :  # basis functions                   6          :
          :  # atomic orbitals                   6          :
          :  # shells                            4          :
          :  # electrons                         8          :
          :  max. iterations                   250          :
          :  Hamiltonian                  GFN2-xTB          :
          :  restarted?                      false          :
          :  GBSA solvation                  false          :
          :  PC potential                    false          :
          :  electronic temp.          300.0000000     K    :
          :  accuracy                    1.0000000          :
          :  -> integral cutoff          0.2500000E+02      :
          :  -> integral neglect         0.1000000E-07      :
          :  -> SCF convergence          0.1000000E-05 Eh   :
          :  -> wf. convergence          0.1000000E-03 e    :
          :  Broyden damping             0.4000000          :
          :  net charge                          0          :
          :  unpaired electrons                  0          :
          ...................................................

 iter      E             dE          RMSdq      gap      omega  full diag
   1     -5.1034126 -0.510341E+01  0.424E+00   14.76       0.0  T
   2     -5.1046316 -0.121904E-02  0.245E+00   14.49       1.0  T
   3     -5.1048615 -0.229892E-03  0.377E-01   14.27       1.0  T
   4     -5.1049206 -0.591148E-04  0.897E-02   14.42       1.0  T
   5     -5.1049238 -0.315126E-05  0.555E-02   14.37       1.0  T
   6     -5.1049255 -0.172264E-05  0.124E-03   14.39      46.6  T
   7     -5.1049255 -0.495928E-09  0.880E-04   14.39      65.6  T
   8     -5.1049255 -0.451770E-09  0.194E-05   14.39    2969.3  T

   *** convergence criteria satisfied after 8 iterations ***

         #    Occupation            Energy/Eh            Energy/eV
      -------------------------------------------------------------
         1        2.0000           -0.6800841             -18.5060
         2        2.0000           -0.5683167             -15.4647
         3        2.0000           -0.5108566             -13.9011
         4        2.0000           -0.4463836             -12.1467 (HOMO)
         5                          0.0824719               2.2442 (LUMO)
         6                          0.2516071               6.8466
      -------------------------------------------------------------
                  HL-Gap            0.5288555 Eh           14.3909 eV
             Fermi-level           -0.1819558 Eh           -4.9513 eV

 SCC (total)                   0 d,  0 h,  0 min,  0.009 sec
 SCC setup                      ...        0 min,  0.001 sec ( 10.271%)
 Dispersion                     ...        0 min,  0.000 sec (  3.442%)
 classical contributions        ...        0 min,  0.000 sec (  2.379%)
 integral evaluation            ...        0 min,  0.000 sec (  5.564%)
 iterations                     ...        0 min,  0.005 sec ( 63.780%)
 molecular gradient             ...        0 min,  0.001 sec ( 11.851%)
 printout                       ...        0 min,  0.000 sec (  2.647%)

         :::::::::::::::::::::::::::::::::::::::::::::::::::::
         ::                     SUMMARY                     ::
         :::::::::::::::::::::::::::::::::::::::::::::::::::::
         :: total energy              -5.070544443464 Eh    ::
         :: gradient norm              0.000075164743 Eh/a0 ::
         :: HOMO-LUMO gap             14.390891673350 eV    ::
         ::.................................................::
         :: SCC energy                -5.104925504312 Eh    ::
         :: -> isotropic ES            0.031459394051 Eh    ::
         :: -> anisotropic ES          0.000394673573 Eh    ::
         :: -> anisotropic XC         -0.000882256681 Eh    ::
         :: -> dispersion             -0.000141082937 Eh    ::
         :: repulsion energy           0.034381060848 Eh    ::
         :: add. restraining           0.000000000000 Eh    ::
         :: total charge               0.000000000000 e     ::
         :::::::::::::::::::::::::::::::::::::::::::::::::::::

           -------------------------------------------------
          |                Property Printout                |
           -------------------------------------------------

    * Orbital Energies and Occupations

         #    Occupation            Energy/Eh            Energy/eV
      -------------------------------------------------------------
         1        2.0000           -0.6800841             -18.5060
         2        2.0000           -0.5683167             -15.4647
         3        2.0000           -0.5108566             -13.9011
         4        2.0000           -0.4463836             -12.1467 (HOMO)
         5                          0.0824719               2.2442 (LUMO)
         6                          0.2516071               6.8466
      -------------------------------------------------------------
                  HL-Gap            0.5288555 Eh           14.3909 eV
             Fermi-level           -0.1819558 Eh           -4.9513 eV

     #   Z          covCN         q      C6AA      α(0)
     1   8 o        1.611    -0.565    24.358     6.661
     2   1 h        0.805     0.282     0.776     1.384
     3   1 h        0.805     0.282     0.776     1.384

 Mol. C6AA /au·bohr⁶  :         44.535326
 Mol. C8AA /au·bohr⁸  :        795.739567
 Mol. α(0) /au        :          9.429122


Wiberg/Mayer (AO) data.
largest (>0.10) Wiberg bond orders for each atom

 ---------------------------------------------------------------------------
     #   Z sym  total        # sym  WBO       # sym  WBO       # sym  WBO
 ---------------------------------------------------------------------------
     1   8 o    1.840 --     3 h    0.920     2 h    0.920
     2   1 h    0.920 --     1 o    0.920
     3   1 h    0.920 --     1 o    0.920
 ---------------------------------------------------------------------------

Topologies differ in total number of bonds
Writing topology from bond orders to xtbtopo.mol

molecular dipole:
                 x           y           z       tot (Debye)
 q only:       -0.000       0.000       0.607
   full:       -0.000      -0.000       0.872       2.217
molecular quadrupole (traceless):
                xx          xy          yy          xz          yz          zz
 q only:        1.311       0.000      -0.492       0.000       0.000      -0.819
  q+dip:        1.747       0.000      -0.572      -0.000       0.000      -1.176
   full:        1.951       0.000      -0.831      -0.000       0.000      -1.121


           -------------------------------------------------
          | TOTAL ENERGY               -5.070544443464 Eh   |
          | GRADIENT NORM               0.000075164743 Eh/α |
          | HOMO-LUMO GAP              14.390891673350 eV   |
           -------------------------------------------------

------------------------------------------------------------------------
 * finished run on 2025/02/12 at 01:52:10.121     
------------------------------------------------------------------------
 total:
 * wall-time:     0 d,  0 h,  0 min,  0.027 sec
 *  cpu-time:     0 d,  0 h,  0 min,  0.013 sec
 * ratio c/w:     0.480 speedup
 SCF:
 * wall-time:     0 d,  0 h,  0 min,  0.009 sec
 *  cpu-time:     0 d,  0 h,  0 min,  0.006 sec
 * ratio c/w:     0.668 speedup

